// Jest Snapshot v1, https://goo.gl/fbAQLP

exports[`<Ticketlist/> should match snapshot 1`] = `
<div>
  <div
    class="tickets-list"
  >
    <div
      class="ticketCard"
    >
      <div
        class="ticketInfo"
      >
        <span
          class="carrier"
        >
          SU
        </span>
        <button
          class="buyButton"
        >
          Купить за 
          7000.00
           
          RUB
        </button>
      </div>
      <div
        class="departure"
      >
        <span
          class="time"
        >
          12:50
        </span>
        <span
          class="location"
          data-testid="location-LRN"
        >
          Ларнака
           (
          LRN
          )
        </span>
        <span
          class="date"
        >
          12.05.18
        </span>
      </div>
      <div
        class="arrowBlock"
      >
        <span
          class="arrow"
        >
          →
        </span>
        <span
          class="stops"
        >
          1
           пересадок
        </span>
      </div>
      <div
        class="arrival"
      >
        <span
          class="time"
        >
          14:30
        </span>
        <span
          class="location"
        >
          Тель-Авив
           (
          TLV
          )
        </span>
        <span
          class="date"
        >
          12.05.18
        </span>
      </div>
    </div>
    <div
      class="ticketCard"
    >
      <div
        class="ticketInfo"
      >
        <span
          class="carrier"
        >
          TK
        </span>
        <button
          class="buyButton"
        >
          Купить за 
          11000.00
           
          RUB
        </button>
      </div>
      <div
        class="departure"
      >
        <span
          class="time"
        >
          17:00
        </span>
        <span
          class="location"
          data-testid="location-VVO"
        >
          Владивосток
           (
          VVO
          )
        </span>
        <span
          class="date"
        >
          12.05.18
        </span>
      </div>
      <div
        class="arrowBlock"
      >
        <span
          class="arrow"
        >
          →
        </span>
        <span
          class="stops"
        >
          2
           пересадок
        </span>
      </div>
      <div
        class="arrival"
      >
        <span
          class="time"
        >
          23:30
        </span>
        <span
          class="location"
        >
          Тель-Авив
           (
          TLV
          )
        </span>
        <span
          class="date"
        >
          12.05.18
        </span>
      </div>
    </div>
    <div
      class="ticketCard"
    >
      <div
        class="ticketInfo"
      >
        <span
          class="carrier"
        >
          TK
        </span>
        <button
          class="buyButton"
        >
          Купить за 
          12400.00
           
          RUB
        </button>
      </div>
      <div
        class="departure"
      >
        <span
          class="time"
        >
          16:20
        </span>
        <span
          class="location"
          data-testid="location-VVO"
        >
          Владивосток
           (
          VVO
          )
        </span>
        <span
          class="date"
        >
          12.05.18
        </span>
      </div>
      <div
        class="arrowBlock"
      >
        <span
          class="arrow"
        >
          →
        </span>
        <span
          class="stops"
        >
          3
           пересадок
        </span>
      </div>
      <div
        class="arrival"
      >
        <span
          class="time"
        >
          22:10
        </span>
        <span
          class="location"
        >
          Тель-Авив
           (
          TLV
          )
        </span>
        <span
          class="date"
        >
          12.05.18
        </span>
      </div>
    </div>
    <div
      class="ticketCard"
    >
      <div
        class="ticketInfo"
      >
        <span
          class="carrier"
        >
          SU
        </span>
        <button
          class="buyButton"
        >
          Купить за 
          12450.00
           
          RUB
        </button>
      </div>
      <div
        class="departure"
      >
        <span
          class="time"
        >
          9:40
        </span>
        <span
          class="location"
          data-testid="location-VVO"
        >
          Владивосток
           (
          VVO
          )
        </span>
        <span
          class="date"
        >
          12.05.18
        </span>
      </div>
      <div
        class="arrowBlock"
      >
        <span
          class="arrow"
        >
          →
        </span>
        <span
          class="stops"
        >
          3
           пересадок
        </span>
      </div>
      <div
        class="arrival"
      >
        <span
          class="time"
        >
          19:25
        </span>
        <span
          class="location"
        >
          Тель-Авив
           (
          TLV
          )
        </span>
        <span
          class="date"
        >
          12.05.18
        </span>
      </div>
    </div>
    <div
      class="ticketCard"
    >
      <div
        class="ticketInfo"
      >
        <span
          class="carrier"
        >
          S7
        </span>
        <button
          class="buyButton"
        >
          Купить за 
          13100.00
           
          RUB
        </button>
      </div>
      <div
        class="departure"
      >
        <span
          class="time"
        >
          17:20
        </span>
        <span
          class="location"
          data-testid="location-VVO"
        >
          Владивосток
           (
          VVO
          )
        </span>
        <span
          class="date"
        >
          12.05.18
        </span>
      </div>
      <div
        class="arrowBlock"
      >
        <span
          class="arrow"
        >
          →
        </span>
        <span
          class="stops"
        >
          1
           пересадок
        </span>
      </div>
      <div
        class="arrival"
      >
        <span
          class="time"
        >
          23:50
        </span>
        <span
          class="location"
        >
          Тель-Авив
           (
          TLV
          )
        </span>
        <span
          class="date"
        >
          12.05.18
        </span>
      </div>
    </div>
    <div
      class="ticketCard"
    >
      <div
        class="ticketInfo"
      >
        <span
          class="carrier"
        >
          BA
        </span>
        <button
          class="buyButton"
        >
          Купить за 
          13400.00
           
          RUB
        </button>
      </div>
      <div
        class="departure"
      >
        <span
          class="time"
        >
          12:10
        </span>
        <span
          class="location"
          data-testid="location-VVO"
        >
          Владивосток
           (
          VVO
          )
        </span>
        <span
          class="date"
        >
          12.05.18
        </span>
      </div>
      <div
        class="arrowBlock"
      >
        <span
          class="arrow"
        >
          →
        </span>
        <span
          class="stops"
        >
          3
           пересадок
        </span>
      </div>
      <div
        class="arrival"
      >
        <span
          class="time"
        >
          20:15
        </span>
        <span
          class="location"
        >
          Тель-Авив
           (
          TLV
          )
        </span>
        <span
          class="date"
        >
          12.05.18
        </span>
      </div>
    </div>
    <div
      class="ticketCard"
    >
      <div
        class="ticketInfo"
      >
        <span
          class="carrier"
        >
          TK
        </span>
        <button
          class="buyButton"
        >
          Купить за 
          13600.00
           
          RUB
        </button>
      </div>
      <div
        class="departure"
      >
        <span
          class="time"
        >
          17:10
        </span>
        <span
          class="location"
          data-testid="location-VVO"
        >
          Владивосток
           (
          VVO
          )
        </span>
        <span
          class="date"
        >
          12.05.18
        </span>
      </div>
      <div
        class="arrowBlock"
      >
        <span
          class="arrow"
        >
          →
        </span>
        <span
          class="stops"
        >
          1
           пересадок
        </span>
      </div>
      <div
        class="arrival"
      >
        <span
          class="time"
        >
          23:45
        </span>
        <span
          class="location"
        >
          Тель-Авив
           (
          TLV
          )
        </span>
        <span
          class="date"
        >
          12.05.18
        </span>
      </div>
    </div>
    <div
      class="ticketCard"
    >
      <div
        class="ticketInfo"
      >
        <span
          class="carrier"
        >
          TK
        </span>
        <button
          class="buyButton"
        >
          Купить за 
          14250.00
           
          RUB
        </button>
      </div>
      <div
        class="departure"
      >
        <span
          class="time"
        >
          6:10
        </span>
        <span
          class="location"
          data-testid="location-VVO"
        >
          Владивосток
           (
          VVO
          )
        </span>
        <span
          class="date"
        >
          12.05.18
        </span>
      </div>
      <div
        class="arrowBlock"
      >
        <span
          class="arrow"
        >
          →
        </span>
        <span
          class="stops"
        >
          0
           пересадок
        </span>
      </div>
      <div
        class="arrival"
      >
        <span
          class="time"
        >
          15:25
        </span>
        <span
          class="location"
        >
          Тель-Авив
           (
          TLV
          )
        </span>
        <span
          class="date"
        >
          12.05.18
        </span>
      </div>
    </div>
    <div
      class="ticketCard"
    >
      <div
        class="ticketInfo"
      >
        <span
          class="carrier"
        >
          SU
        </span>
        <button
          class="buyButton"
        >
          Купить за 
          15300.00
           
          RUB
        </button>
      </div>
      <div
        class="departure"
      >
        <span
          class="time"
        >
          12:10
        </span>
        <span
          class="location"
          data-testid="location-VVO"
        >
          Владивосток
           (
          VVO
          )
        </span>
        <span
          class="date"
        >
          12.05.18
        </span>
      </div>
      <div
        class="arrowBlock"
      >
        <span
          class="arrow"
        >
          →
        </span>
        <span
          class="stops"
        >
          0
           пересадок
        </span>
      </div>
      <div
        class="arrival"
      >
        <span
          class="time"
        >
          18:10
        </span>
        <span
          class="location"
        >
          Тель-Авив
           (
          TLV
          )
        </span>
        <span
          class="date"
        >
          12.05.18
        </span>
      </div>
    </div>
    <div
      class="ticketCard"
    >
      <div
        class="ticketInfo"
      >
        <span
          class="carrier"
        >
          SU
        </span>
        <button
          class="buyButton"
        >
          Купить за 
          16700.00
           
          RUB
        </button>
      </div>
      <div
        class="departure"
      >
        <span
          class="time"
        >
          16:50
        </span>
        <span
          class="location"
          data-testid="location-VVO"
        >
          Владивосток
           (
          VVO
          )
        </span>
        <span
          class="date"
        >
          12.05.18
        </span>
      </div>
      <div
        class="arrowBlock"
      >
        <span
          class="arrow"
        >
          →
        </span>
        <span
          class="stops"
        >
          1
           пересадок
        </span>
      </div>
      <div
        class="arrival"
      >
        <span
          class="time"
        >
          23:35
        </span>
        <span
          class="location"
        >
          Тель-Авив
           (
          TLV
          )
        </span>
        <span
          class="date"
        >
          12.05.18
        </span>
      </div>
    </div>
    <div
      class="ticketCard"
    >
      <div
        class="ticketInfo"
      >
        <span
          class="carrier"
        >
          S7
        </span>
        <button
          class="buyButton"
        >
          Купить за 
          17400.00
           
          RUB
        </button>
      </div>
      <div
        class="departure"
      >
        <span
          class="time"
        >
          6:10
        </span>
        <span
          class="location"
          data-testid="location-VVO"
        >
          Владивосток
           (
          VVO
          )
        </span>
        <span
          class="date"
        >
          12.05.18
        </span>
      </div>
      <div
        class="arrowBlock"
      >
        <span
          class="arrow"
        >
          →
        </span>
        <span
          class="stops"
        >
          0
           пересадок
        </span>
      </div>
      <div
        class="arrival"
      >
        <span
          class="time"
        >
          16:15
        </span>
        <span
          class="location"
        >
          Тель-Авив
           (
          TLV
          )
        </span>
        <span
          class="date"
        >
          12.05.18
        </span>
      </div>
    </div>
    <div
      class="ticketCard"
    >
      <div
        class="ticketInfo"
      >
        <span
          class="carrier"
        >
          TK
        </span>
        <button
          class="buyButton"
        >
          Купить за 
          33400.00
           
          RUB
        </button>
      </div>
      <div
        class="departure"
      >
        <span
          class="time"
        >
          15:15
        </span>
        <span
          class="location"
          data-testid="location-VVO"
        >
          Владивосток
           (
          VVO
          )
        </span>
        <span
          class="date"
        >
          12.05.18
        </span>
      </div>
      <div
        class="arrowBlock"
      >
        <span
          class="arrow"
        >
          →
        </span>
        <span
          class="stops"
        >
          1
           пересадок
        </span>
      </div>
      <div
        class="arrival"
      >
        <span
          class="time"
        >
          17:45
        </span>
        <span
          class="location"
        >
          Уфа
           (
          UFA
          )
        </span>
        <span
          class="date"
        >
          12.05.18
        </span>
      </div>
    </div>
  </div>
</div>
`;

exports[`<TicketsList /> should match snapshot 1`] = `
<div>
  <div
    class="tickets-list"
  >
    <div
      class="ticketCard"
    >
      <div
        class="ticketInfo"
      >
        <span
          class="carrier"
        >
          SU
        </span>
        <button
          class="buyButton"
        >
          Купить за 
          7000.00
           
          RUB
        </button>
      </div>
      <div
        class="departure"
      >
        <span
          class="time"
        >
          12:50
        </span>
        <span
          class="location"
          data-testid="location-LRN"
        >
          Ларнака
           (
          LRN
          )
        </span>
        <span
          class="date"
        >
          12.05.18
        </span>
      </div>
      <div
        class="arrowBlock"
      >
        <span
          class="arrow"
        >
          →
        </span>
        <span
          class="stops"
        >
          1
           пересадок
        </span>
      </div>
      <div
        class="arrival"
      >
        <span
          class="time"
        >
          14:30
        </span>
        <span
          class="location"
        >
          Тель-Авив
           (
          TLV
          )
        </span>
        <span
          class="date"
        >
          12.05.18
        </span>
      </div>
    </div>
    <div
      class="ticketCard"
    >
      <div
        class="ticketInfo"
      >
        <span
          class="carrier"
        >
          TK
        </span>
        <button
          class="buyButton"
        >
          Купить за 
          11000.00
           
          RUB
        </button>
      </div>
      <div
        class="departure"
      >
        <span
          class="time"
        >
          17:00
        </span>
        <span
          class="location"
          data-testid="location-VVO"
        >
          Владивосток
           (
          VVO
          )
        </span>
        <span
          class="date"
        >
          12.05.18
        </span>
      </div>
      <div
        class="arrowBlock"
      >
        <span
          class="arrow"
        >
          →
        </span>
        <span
          class="stops"
        >
          2
           пересадок
        </span>
      </div>
      <div
        class="arrival"
      >
        <span
          class="time"
        >
          23:30
        </span>
        <span
          class="location"
        >
          Тель-Авив
           (
          TLV
          )
        </span>
        <span
          class="date"
        >
          12.05.18
        </span>
      </div>
    </div>
    <div
      class="ticketCard"
    >
      <div
        class="ticketInfo"
      >
        <span
          class="carrier"
        >
          TK
        </span>
        <button
          class="buyButton"
        >
          Купить за 
          12400.00
           
          RUB
        </button>
      </div>
      <div
        class="departure"
      >
        <span
          class="time"
        >
          16:20
        </span>
        <span
          class="location"
          data-testid="location-VVO"
        >
          Владивосток
           (
          VVO
          )
        </span>
        <span
          class="date"
        >
          12.05.18
        </span>
      </div>
      <div
        class="arrowBlock"
      >
        <span
          class="arrow"
        >
          →
        </span>
        <span
          class="stops"
        >
          3
           пересадок
        </span>
      </div>
      <div
        class="arrival"
      >
        <span
          class="time"
        >
          22:10
        </span>
        <span
          class="location"
        >
          Тель-Авив
           (
          TLV
          )
        </span>
        <span
          class="date"
        >
          12.05.18
        </span>
      </div>
    </div>
    <div
      class="ticketCard"
    >
      <div
        class="ticketInfo"
      >
        <span
          class="carrier"
        >
          SU
        </span>
        <button
          class="buyButton"
        >
          Купить за 
          12450.00
           
          RUB
        </button>
      </div>
      <div
        class="departure"
      >
        <span
          class="time"
        >
          9:40
        </span>
        <span
          class="location"
          data-testid="location-VVO"
        >
          Владивосток
           (
          VVO
          )
        </span>
        <span
          class="date"
        >
          12.05.18
        </span>
      </div>
      <div
        class="arrowBlock"
      >
        <span
          class="arrow"
        >
          →
        </span>
        <span
          class="stops"
        >
          3
           пересадок
        </span>
      </div>
      <div
        class="arrival"
      >
        <span
          class="time"
        >
          19:25
        </span>
        <span
          class="location"
        >
          Тель-Авив
           (
          TLV
          )
        </span>
        <span
          class="date"
        >
          12.05.18
        </span>
      </div>
    </div>
    <div
      class="ticketCard"
    >
      <div
        class="ticketInfo"
      >
        <span
          class="carrier"
        >
          S7
        </span>
        <button
          class="buyButton"
        >
          Купить за 
          13100.00
           
          RUB
        </button>
      </div>
      <div
        class="departure"
      >
        <span
          class="time"
        >
          17:20
        </span>
        <span
          class="location"
          data-testid="location-VVO"
        >
          Владивосток
           (
          VVO
          )
        </span>
        <span
          class="date"
        >
          12.05.18
        </span>
      </div>
      <div
        class="arrowBlock"
      >
        <span
          class="arrow"
        >
          →
        </span>
        <span
          class="stops"
        >
          1
           пересадок
        </span>
      </div>
      <div
        class="arrival"
      >
        <span
          class="time"
        >
          23:50
        </span>
        <span
          class="location"
        >
          Тель-Авив
           (
          TLV
          )
        </span>
        <span
          class="date"
        >
          12.05.18
        </span>
      </div>
    </div>
    <div
      class="ticketCard"
    >
      <div
        class="ticketInfo"
      >
        <span
          class="carrier"
        >
          BA
        </span>
        <button
          class="buyButton"
        >
          Купить за 
          13400.00
           
          RUB
        </button>
      </div>
      <div
        class="departure"
      >
        <span
          class="time"
        >
          12:10
        </span>
        <span
          class="location"
          data-testid="location-VVO"
        >
          Владивосток
           (
          VVO
          )
        </span>
        <span
          class="date"
        >
          12.05.18
        </span>
      </div>
      <div
        class="arrowBlock"
      >
        <span
          class="arrow"
        >
          →
        </span>
        <span
          class="stops"
        >
          3
           пересадок
        </span>
      </div>
      <div
        class="arrival"
      >
        <span
          class="time"
        >
          20:15
        </span>
        <span
          class="location"
        >
          Тель-Авив
           (
          TLV
          )
        </span>
        <span
          class="date"
        >
          12.05.18
        </span>
      </div>
    </div>
    <div
      class="ticketCard"
    >
      <div
        class="ticketInfo"
      >
        <span
          class="carrier"
        >
          TK
        </span>
        <button
          class="buyButton"
        >
          Купить за 
          13600.00
           
          RUB
        </button>
      </div>
      <div
        class="departure"
      >
        <span
          class="time"
        >
          17:10
        </span>
        <span
          class="location"
          data-testid="location-VVO"
        >
          Владивосток
           (
          VVO
          )
        </span>
        <span
          class="date"
        >
          12.05.18
        </span>
      </div>
      <div
        class="arrowBlock"
      >
        <span
          class="arrow"
        >
          →
        </span>
        <span
          class="stops"
        >
          1
           пересадок
        </span>
      </div>
      <div
        class="arrival"
      >
        <span
          class="time"
        >
          23:45
        </span>
        <span
          class="location"
        >
          Тель-Авив
           (
          TLV
          )
        </span>
        <span
          class="date"
        >
          12.05.18
        </span>
      </div>
    </div>
    <div
      class="ticketCard"
    >
      <div
        class="ticketInfo"
      >
        <span
          class="carrier"
        >
          TK
        </span>
        <button
          class="buyButton"
        >
          Купить за 
          14250.00
           
          RUB
        </button>
      </div>
      <div
        class="departure"
      >
        <span
          class="time"
        >
          6:10
        </span>
        <span
          class="location"
          data-testid="location-VVO"
        >
          Владивосток
           (
          VVO
          )
        </span>
        <span
          class="date"
        >
          12.05.18
        </span>
      </div>
      <div
        class="arrowBlock"
      >
        <span
          class="arrow"
        >
          →
        </span>
        <span
          class="stops"
        >
          0
           пересадок
        </span>
      </div>
      <div
        class="arrival"
      >
        <span
          class="time"
        >
          15:25
        </span>
        <span
          class="location"
        >
          Тель-Авив
           (
          TLV
          )
        </span>
        <span
          class="date"
        >
          12.05.18
        </span>
      </div>
    </div>
    <div
      class="ticketCard"
    >
      <div
        class="ticketInfo"
      >
        <span
          class="carrier"
        >
          SU
        </span>
        <button
          class="buyButton"
        >
          Купить за 
          15300.00
           
          RUB
        </button>
      </div>
      <div
        class="departure"
      >
        <span
          class="time"
        >
          12:10
        </span>
        <span
          class="location"
          data-testid="location-VVO"
        >
          Владивосток
           (
          VVO
          )
        </span>
        <span
          class="date"
        >
          12.05.18
        </span>
      </div>
      <div
        class="arrowBlock"
      >
        <span
          class="arrow"
        >
          →
        </span>
        <span
          class="stops"
        >
          0
           пересадок
        </span>
      </div>
      <div
        class="arrival"
      >
        <span
          class="time"
        >
          18:10
        </span>
        <span
          class="location"
        >
          Тель-Авив
           (
          TLV
          )
        </span>
        <span
          class="date"
        >
          12.05.18
        </span>
      </div>
    </div>
    <div
      class="ticketCard"
    >
      <div
        class="ticketInfo"
      >
        <span
          class="carrier"
        >
          SU
        </span>
        <button
          class="buyButton"
        >
          Купить за 
          16700.00
           
          RUB
        </button>
      </div>
      <div
        class="departure"
      >
        <span
          class="time"
        >
          16:50
        </span>
        <span
          class="location"
          data-testid="location-VVO"
        >
          Владивосток
           (
          VVO
          )
        </span>
        <span
          class="date"
        >
          12.05.18
        </span>
      </div>
      <div
        class="arrowBlock"
      >
        <span
          class="arrow"
        >
          →
        </span>
        <span
          class="stops"
        >
          1
           пересадок
        </span>
      </div>
      <div
        class="arrival"
      >
        <span
          class="time"
        >
          23:35
        </span>
        <span
          class="location"
        >
          Тель-Авив
           (
          TLV
          )
        </span>
        <span
          class="date"
        >
          12.05.18
        </span>
      </div>
    </div>
    <div
      class="ticketCard"
    >
      <div
        class="ticketInfo"
      >
        <span
          class="carrier"
        >
          S7
        </span>
        <button
          class="buyButton"
        >
          Купить за 
          17400.00
           
          RUB
        </button>
      </div>
      <div
        class="departure"
      >
        <span
          class="time"
        >
          6:10
        </span>
        <span
          class="location"
          data-testid="location-VVO"
        >
          Владивосток
           (
          VVO
          )
        </span>
        <span
          class="date"
        >
          12.05.18
        </span>
      </div>
      <div
        class="arrowBlock"
      >
        <span
          class="arrow"
        >
          →
        </span>
        <span
          class="stops"
        >
          0
           пересадок
        </span>
      </div>
      <div
        class="arrival"
      >
        <span
          class="time"
        >
          16:15
        </span>
        <span
          class="location"
        >
          Тель-Авив
           (
          TLV
          )
        </span>
        <span
          class="date"
        >
          12.05.18
        </span>
      </div>
    </div>
    <div
      class="ticketCard"
    >
      <div
        class="ticketInfo"
      >
        <span
          class="carrier"
        >
          TK
        </span>
        <button
          class="buyButton"
        >
          Купить за 
          33400.00
           
          RUB
        </button>
      </div>
      <div
        class="departure"
      >
        <span
          class="time"
        >
          15:15
        </span>
        <span
          class="location"
          data-testid="location-VVO"
        >
          Владивосток
           (
          VVO
          )
        </span>
        <span
          class="date"
        >
          12.05.18
        </span>
      </div>
      <div
        class="arrowBlock"
      >
        <span
          class="arrow"
        >
          →
        </span>
        <span
          class="stops"
        >
          1
           пересадок
        </span>
      </div>
      <div
        class="arrival"
      >
        <span
          class="time"
        >
          17:45
        </span>
        <span
          class="location"
        >
          Уфа
           (
          UFA
          )
        </span>
        <span
          class="date"
        >
          12.05.18
        </span>
      </div>
    </div>
  </div>
</div>
`;

exports[`should match snapshot 1`] = `
<div>
  <div
    class="tickets-list"
  >
    <div
      class="ticketCard"
    >
      <div
        class="ticketInfo"
      >
        <span
          class="carrier"
        >
          SU
        </span>
        <button
          class="buyButton"
        >
          Купить за 
          7000.00
           
          RUB
        </button>
      </div>
      <div
        class="departure"
      >
        <span
          class="time"
        >
          12:50
        </span>
        <span
          class="location"
          data-testid="location-LRN"
        >
          Ларнака
           (
          LRN
          )
        </span>
        <span
          class="date"
        >
          12.05.18
        </span>
      </div>
      <div
        class="arrowBlock"
      >
        <span
          class="arrow"
        >
          →
        </span>
        <span
          class="stops"
        >
          1
           пересадок
        </span>
      </div>
      <div
        class="arrival"
      >
        <span
          class="time"
        >
          14:30
        </span>
        <span
          class="location"
        >
          Тель-Авив
           (
          TLV
          )
        </span>
        <span
          class="date"
        >
          12.05.18
        </span>
      </div>
    </div>
    <div
      class="ticketCard"
    >
      <div
        class="ticketInfo"
      >
        <span
          class="carrier"
        >
          TK
        </span>
        <button
          class="buyButton"
        >
          Купить за 
          11000.00
           
          RUB
        </button>
      </div>
      <div
        class="departure"
      >
        <span
          class="time"
        >
          17:00
        </span>
        <span
          class="location"
          data-testid="location-VVO"
        >
          Владивосток
           (
          VVO
          )
        </span>
        <span
          class="date"
        >
          12.05.18
        </span>
      </div>
      <div
        class="arrowBlock"
      >
        <span
          class="arrow"
        >
          →
        </span>
        <span
          class="stops"
        >
          2
           пересадок
        </span>
      </div>
      <div
        class="arrival"
      >
        <span
          class="time"
        >
          23:30
        </span>
        <span
          class="location"
        >
          Тель-Авив
           (
          TLV
          )
        </span>
        <span
          class="date"
        >
          12.05.18
        </span>
      </div>
    </div>
    <div
      class="ticketCard"
    >
      <div
        class="ticketInfo"
      >
        <span
          class="carrier"
        >
          TK
        </span>
        <button
          class="buyButton"
        >
          Купить за 
          12400.00
           
          RUB
        </button>
      </div>
      <div
        class="departure"
      >
        <span
          class="time"
        >
          16:20
        </span>
        <span
          class="location"
          data-testid="location-VVO"
        >
          Владивосток
           (
          VVO
          )
        </span>
        <span
          class="date"
        >
          12.05.18
        </span>
      </div>
      <div
        class="arrowBlock"
      >
        <span
          class="arrow"
        >
          →
        </span>
        <span
          class="stops"
        >
          3
           пересадок
        </span>
      </div>
      <div
        class="arrival"
      >
        <span
          class="time"
        >
          22:10
        </span>
        <span
          class="location"
        >
          Тель-Авив
           (
          TLV
          )
        </span>
        <span
          class="date"
        >
          12.05.18
        </span>
      </div>
    </div>
    <div
      class="ticketCard"
    >
      <div
        class="ticketInfo"
      >
        <span
          class="carrier"
        >
          SU
        </span>
        <button
          class="buyButton"
        >
          Купить за 
          12450.00
           
          RUB
        </button>
      </div>
      <div
        class="departure"
      >
        <span
          class="time"
        >
          9:40
        </span>
        <span
          class="location"
          data-testid="location-VVO"
        >
          Владивосток
           (
          VVO
          )
        </span>
        <span
          class="date"
        >
          12.05.18
        </span>
      </div>
      <div
        class="arrowBlock"
      >
        <span
          class="arrow"
        >
          →
        </span>
        <span
          class="stops"
        >
          3
           пересадок
        </span>
      </div>
      <div
        class="arrival"
      >
        <span
          class="time"
        >
          19:25
        </span>
        <span
          class="location"
        >
          Тель-Авив
           (
          TLV
          )
        </span>
        <span
          class="date"
        >
          12.05.18
        </span>
      </div>
    </div>
    <div
      class="ticketCard"
    >
      <div
        class="ticketInfo"
      >
        <span
          class="carrier"
        >
          S7
        </span>
        <button
          class="buyButton"
        >
          Купить за 
          13100.00
           
          RUB
        </button>
      </div>
      <div
        class="departure"
      >
        <span
          class="time"
        >
          17:20
        </span>
        <span
          class="location"
          data-testid="location-VVO"
        >
          Владивосток
           (
          VVO
          )
        </span>
        <span
          class="date"
        >
          12.05.18
        </span>
      </div>
      <div
        class="arrowBlock"
      >
        <span
          class="arrow"
        >
          →
        </span>
        <span
          class="stops"
        >
          1
           пересадок
        </span>
      </div>
      <div
        class="arrival"
      >
        <span
          class="time"
        >
          23:50
        </span>
        <span
          class="location"
        >
          Тель-Авив
           (
          TLV
          )
        </span>
        <span
          class="date"
        >
          12.05.18
        </span>
      </div>
    </div>
    <div
      class="ticketCard"
    >
      <div
        class="ticketInfo"
      >
        <span
          class="carrier"
        >
          BA
        </span>
        <button
          class="buyButton"
        >
          Купить за 
          13400.00
           
          RUB
        </button>
      </div>
      <div
        class="departure"
      >
        <span
          class="time"
        >
          12:10
        </span>
        <span
          class="location"
          data-testid="location-VVO"
        >
          Владивосток
           (
          VVO
          )
        </span>
        <span
          class="date"
        >
          12.05.18
        </span>
      </div>
      <div
        class="arrowBlock"
      >
        <span
          class="arrow"
        >
          →
        </span>
        <span
          class="stops"
        >
          3
           пересадок
        </span>
      </div>
      <div
        class="arrival"
      >
        <span
          class="time"
        >
          20:15
        </span>
        <span
          class="location"
        >
          Тель-Авив
           (
          TLV
          )
        </span>
        <span
          class="date"
        >
          12.05.18
        </span>
      </div>
    </div>
    <div
      class="ticketCard"
    >
      <div
        class="ticketInfo"
      >
        <span
          class="carrier"
        >
          TK
        </span>
        <button
          class="buyButton"
        >
          Купить за 
          13600.00
           
          RUB
        </button>
      </div>
      <div
        class="departure"
      >
        <span
          class="time"
        >
          17:10
        </span>
        <span
          class="location"
          data-testid="location-VVO"
        >
          Владивосток
           (
          VVO
          )
        </span>
        <span
          class="date"
        >
          12.05.18
        </span>
      </div>
      <div
        class="arrowBlock"
      >
        <span
          class="arrow"
        >
          →
        </span>
        <span
          class="stops"
        >
          1
           пересадок
        </span>
      </div>
      <div
        class="arrival"
      >
        <span
          class="time"
        >
          23:45
        </span>
        <span
          class="location"
        >
          Тель-Авив
           (
          TLV
          )
        </span>
        <span
          class="date"
        >
          12.05.18
        </span>
      </div>
    </div>
    <div
      class="ticketCard"
    >
      <div
        class="ticketInfo"
      >
        <span
          class="carrier"
        >
          TK
        </span>
        <button
          class="buyButton"
        >
          Купить за 
          14250.00
           
          RUB
        </button>
      </div>
      <div
        class="departure"
      >
        <span
          class="time"
        >
          6:10
        </span>
        <span
          class="location"
          data-testid="location-VVO"
        >
          Владивосток
           (
          VVO
          )
        </span>
        <span
          class="date"
        >
          12.05.18
        </span>
      </div>
      <div
        class="arrowBlock"
      >
        <span
          class="arrow"
        >
          →
        </span>
        <span
          class="stops"
        >
          0
           пересадок
        </span>
      </div>
      <div
        class="arrival"
      >
        <span
          class="time"
        >
          15:25
        </span>
        <span
          class="location"
        >
          Тель-Авив
           (
          TLV
          )
        </span>
        <span
          class="date"
        >
          12.05.18
        </span>
      </div>
    </div>
    <div
      class="ticketCard"
    >
      <div
        class="ticketInfo"
      >
        <span
          class="carrier"
        >
          SU
        </span>
        <button
          class="buyButton"
        >
          Купить за 
          15300.00
           
          RUB
        </button>
      </div>
      <div
        class="departure"
      >
        <span
          class="time"
        >
          12:10
        </span>
        <span
          class="location"
          data-testid="location-VVO"
        >
          Владивосток
           (
          VVO
          )
        </span>
        <span
          class="date"
        >
          12.05.18
        </span>
      </div>
      <div
        class="arrowBlock"
      >
        <span
          class="arrow"
        >
          →
        </span>
        <span
          class="stops"
        >
          0
           пересадок
        </span>
      </div>
      <div
        class="arrival"
      >
        <span
          class="time"
        >
          18:10
        </span>
        <span
          class="location"
        >
          Тель-Авив
           (
          TLV
          )
        </span>
        <span
          class="date"
        >
          12.05.18
        </span>
      </div>
    </div>
    <div
      class="ticketCard"
    >
      <div
        class="ticketInfo"
      >
        <span
          class="carrier"
        >
          SU
        </span>
        <button
          class="buyButton"
        >
          Купить за 
          16700.00
           
          RUB
        </button>
      </div>
      <div
        class="departure"
      >
        <span
          class="time"
        >
          16:50
        </span>
        <span
          class="location"
          data-testid="location-VVO"
        >
          Владивосток
           (
          VVO
          )
        </span>
        <span
          class="date"
        >
          12.05.18
        </span>
      </div>
      <div
        class="arrowBlock"
      >
        <span
          class="arrow"
        >
          →
        </span>
        <span
          class="stops"
        >
          1
           пересадок
        </span>
      </div>
      <div
        class="arrival"
      >
        <span
          class="time"
        >
          23:35
        </span>
        <span
          class="location"
        >
          Тель-Авив
           (
          TLV
          )
        </span>
        <span
          class="date"
        >
          12.05.18
        </span>
      </div>
    </div>
    <div
      class="ticketCard"
    >
      <div
        class="ticketInfo"
      >
        <span
          class="carrier"
        >
          S7
        </span>
        <button
          class="buyButton"
        >
          Купить за 
          17400.00
           
          RUB
        </button>
      </div>
      <div
        class="departure"
      >
        <span
          class="time"
        >
          6:10
        </span>
        <span
          class="location"
          data-testid="location-VVO"
        >
          Владивосток
           (
          VVO
          )
        </span>
        <span
          class="date"
        >
          12.05.18
        </span>
      </div>
      <div
        class="arrowBlock"
      >
        <span
          class="arrow"
        >
          →
        </span>
        <span
          class="stops"
        >
          0
           пересадок
        </span>
      </div>
      <div
        class="arrival"
      >
        <span
          class="time"
        >
          16:15
        </span>
        <span
          class="location"
        >
          Тель-Авив
           (
          TLV
          )
        </span>
        <span
          class="date"
        >
          12.05.18
        </span>
      </div>
    </div>
    <div
      class="ticketCard"
    >
      <div
        class="ticketInfo"
      >
        <span
          class="carrier"
        >
          TK
        </span>
        <button
          class="buyButton"
        >
          Купить за 
          33400.00
           
          RUB
        </button>
      </div>
      <div
        class="departure"
      >
        <span
          class="time"
        >
          15:15
        </span>
        <span
          class="location"
          data-testid="location-VVO"
        >
          Владивосток
           (
          VVO
          )
        </span>
        <span
          class="date"
        >
          12.05.18
        </span>
      </div>
      <div
        class="arrowBlock"
      >
        <span
          class="arrow"
        >
          →
        </span>
        <span
          class="stops"
        >
          1
           пересадок
        </span>
      </div>
      <div
        class="arrival"
      >
        <span
          class="time"
        >
          17:45
        </span>
        <span
          class="location"
        >
          Уфа
           (
          UFA
          )
        </span>
        <span
          class="date"
        >
          12.05.18
        </span>
      </div>
    </div>
  </div>
</div>
`;
